user1942@Dishuu:~$ sudo apt update
[sudo] password for user1942:
Hit:1 http://archive.ubuntu.com/ubuntu noble InRelease
Hit:2 http://archive.ubuntu.com/ubuntu noble-updates InRelease
Hit:3 http://security.ubuntu.com/ubuntu noble-security InRelease
Hit:4 http://archive.ubuntu.com/ubuntu noble-backports InRelease
Reading package lists... Done
Building dependency tree... Done
Reading state information... Done
80 packages can be upgraded. Run 'apt list --upgradable' to see them.
user1942@Dishuu:~$ sudo apt install apache2
Reading package lists... Done
Building dependency tree... Done
Reading state information... Done
apache2 is already the newest version (2.4.58-1ubuntu8.6).
0 upgraded, 0 newly installed, 0 to remove and 80 not upgraded.
user1942@Dishuu:~$ sudo systemctl start apache1
Failed to start apache1.service: Unit apache1.service not found.
user1942@Dishuu:~$ sudo systemctl start apache2
user1942@Dishuu:~$ sudo systemctl enable apache2
Synchronizing state of apache2.service with SysV service script with /usr/lib/systemd/systemd-sysv-install.
Executing: /usr/lib/systemd/systemd-sysv-install enable apache2
user1942@Dishuu:~$ sudo mkdir /etc/apache2/ssl
mkdir: cannot create directory ‘/etc/apache2/ssl’: File exists
user1942@Dishuu:~$ cd /etc/apache2/ssl
user1942@Dishuu:/etc/apache2/ssl$ sudo openssl genrsa -out mydomain.key 2048
user1942@Dishuu:/etc/apache2/ssl$ sudo openssl req -new -key mydomain.key -out mydomain.csr
You are about to be asked to enter information that will be incorporated
into your certificate request.
What you are about to enter is what is called a Distinguished Name or a DN.
There are quite a few fields but you can leave some blank
For some fields there will be a default value,
If you enter '.', the field will be left blank.
-----
Country Name (2 letter code) [AU]:IN
State or Province Name (full name) [Some-State]:MAHA
Locality Name (eg, city) []:KOPARGAON
Organization Name (eg, company) [Internet Widgits Pty Ltd]:SANJIVANI
Organizational Unit Name (eg, section) []:IT1
Common Name (e.g. server FQDN or YOUR name) []:LOCALHOST
Email Address []:disha@gmail.com

Please enter the following 'extra' attributes
to be sent with your certificate request
A challenge password []:
An optional company name []:
user1942@Dishuu:/etc/apache2/ssl$ sudo openssl x509 -req -days 365 -in mydomain.csr -signkey mydomain.key -out mydomain.crt
Certificate request self-signature ok
subject=C = IN, ST = MAHA, L = KOPARGAON, O = SANJIVANI, OU = IT1, CN = LOCALHOST, emailAddress = disha@gmail.com
user1942@Dishuu:/etc/apache2/ssl$ sudo a2enmod ssl
Considering dependency mime for ssl:
Module mime already enabled
Considering dependency socache_shmcb for ssl:
Module socache_shmcb already enabled
Module ssl already enabled
user1942@Dishuu:/etc/apache2/ssl$ sudo systemctl restart apache2
user1942@Dishuu:/etc/apache2/ssl$ sudo mkdir /etc/apache2/sites-available/secure-site
user1942@Dishuu:/etc/apache2/ssl$ sudo nano /etc/apache2/sites-available/secure-site.conf
user1942@Dishuu:/etc/apache2/ssl$ sudo a2ensite secure-site.comf
ERROR: Site secure-site.comf does not exist!
user1942@Dishuu:/etc/apache2/ssl$ sudo a2ensite secure-site.conf
Enabling site secure-site.
To activate the new configuration, you need to run:
  systemctl reload apache2
user1942@Dishuu:/etc/apache2/ssl$ sudo systemctl reload apache2
user1942@Dishuu:/etc/apache2/ssl$ curl -vk https://localhost
* Host localhost:443 was resolved.
* IPv6: ::1
* IPv4: 127.0.0.1
*   Trying [::1]:443...
* Connected to localhost (::1) port 443
* ALPN: curl offers h2,http/1.1
* TLSv1.3 (OUT), TLS handshake, Client hello (1):
* TLSv1.3 (IN), TLS handshake, Server hello (2):
* TLSv1.3 (IN), TLS handshake, Encrypted Extensions (8):
* TLSv1.3 (IN), TLS handshake, Certificate (11):
* TLSv1.3 (IN), TLS handshake, CERT verify (15):
* TLSv1.3 (IN), TLS handshake, Finished (20):
* TLSv1.3 (OUT), TLS change cipher, Change cipher spec (1):
* TLSv1.3 (OUT), TLS handshake, Finished (20):
* SSL connection using TLSv1.3 / TLS_AES_256_GCM_SHA384 / X25519 / RSASSA-PSS
* ALPN: server accepted http/1.1
* Server certificate:
*  subject: C=IN; ST=MAHA; L=KOPARGAON; O=SANJIVANI; OU=IT1; CN=LOCALHOST; emailAddress=disha@gmail.com
*  start date: Apr 14 08:40:16 2025 GMT
*  expire date: Apr 14 08:40:16 2026 GMT
*  issuer: C=IN; ST=MAHA; L=KOPARGAON; O=SANJIVANI; OU=IT1; CN=LOCALHOST; emailAddress=disha@gmail.com
*  SSL certificate verify result: self-signed certificate (18), continuing anyway.
*   Certificate level 0: Public key type RSA (2048/112 Bits/secBits), signed using sha256WithRSAEncryption
* using HTTP/1.x
> GET / HTTP/1.1
> Host: localhost
> User-Agent: curl/8.5.0
> Accept: */*
>
* TLSv1.3 (IN), TLS handshake, Newsession Ticket (4):
* TLSv1.3 (IN), TLS handshake, Newsession Ticket (4):
* old SSL session ID is stale, removing
< HTTP/1.1 200 OK
< Date: Mon, 14 Apr 2025 08:44:24 GMT
< Server: Apache/2.4.58 (Ubuntu)
< Last-Modified: Mon, 14 Apr 2025 07:58:47 GMT
< ETag: "29af-632b86c005718"
< Accept-Ranges: bytes
< Content-Length: 10671
< Vary: Accept-Encoding
< Content-Type: text/html
<
<!DOCTYPE html PUBLIC "-//W3C//DTD XHTML 1.0 Transitional//EN" "http://www.w3.org/TR/xhtml1/DTD/xhtml1-transitional.dtd">
<html xmlns="http://www.w3.org/1999/xhtml">
  <!--
    Modified from the Debian original for Ubuntu
    Last updated: 2022-03-22
    See: https://launchpad.net/bugs/1966004
  -->
  <head>
    <meta http-equiv="Content-Type" content="text/html; charset=UTF-8" />
    <title>Apache2 Ubuntu Default Page: It works</title>
    <style type="text/css" media="screen">
  * {
    margin: 0px 0px 0px 0px;
    padding: 0px 0px 0px 0px;
  }

  body, html {
    padding: 3px 3px 3px 3px;

    background-color: #D8DBE2;

    font-family: Ubuntu, Verdana, sans-serif;
    font-size: 11pt;
    text-align: center;
  }

  div.main_page {
    position: relative;
    display: table;

    width: 800px;

    margin-bottom: 3px;
    margin-left: auto;
    margin-right: auto;
    padding: 0px 0px 0px 0px;

    border-width: 2px;
    border-color: #212738;
    border-style: solid;

    background-color: #FFFFFF;

    text-align: center;
  }

  div.page_header {
    height: 180px;
    width: 100%;

    background-color: #F5F6F7;
  }

  div.page_header span {
    margin: 15px 0px 0px 50px;

    font-size: 180%;
    font-weight: bold;
  }

  div.page_header img {
    margin: 3px 0px 0px 40px;

    border: 0px 0px 0px;
  }

  div.banner {
    padding: 9px 6px 9px 6px;
    background-color: #E9510E;
    color: #FFFFFF;
    font-weight: bold;
    font-size: 112%;
    text-align: center;
    position: absolute;
    left: 40%;
    bottom: 30px;
    width: 20%;
  }

  div.table_of_contents {
    clear: left;

    min-width: 200px;

    margin: 3px 3px 3px 3px;

    background-color: #FFFFFF;

    text-align: left;
  }

  div.table_of_contents_item {
    clear: left;

    width: 100%;

    margin: 4px 0px 0px 0px;

    background-color: #FFFFFF;

    color: #000000;
    text-align: left;
  }

  div.table_of_contents_item a {
    margin: 6px 0px 0px 6px;
  }

  div.content_section {
    margin: 3px 3px 3px 3px;

    background-color: #FFFFFF;

    text-align: left;
  }

  div.content_section_text {
    padding: 4px 8px 4px 8px;

    color: #000000;
    font-size: 100%;
  }

  div.content_section_text pre {
    margin: 8px 0px 8px 0px;
    padding: 8px 8px 8px 8px;

    border-width: 1px;
    border-style: dotted;
    border-color: #000000;

    background-color: #F5F6F7;

    font-style: italic;
  }

  div.content_section_text p {
    margin-bottom: 6px;
  }

  div.content_section_text ul, div.content_section_text li {
    padding: 4px 8px 4px 16px;
  }

  div.section_header {
    padding: 3px 6px 3px 6px;

    background-color: #8E9CB2;

    color: #FFFFFF;
    font-weight: bold;
    font-size: 112%;
    text-align: center;
  }

  div.section_header_grey {
    background-color: #9F9386;
  }

  .floating_element {
    position: relative;
    float: left;
  }

  div.table_of_contents_item a,
  div.content_section_text a {
    text-decoration: none;
    font-weight: bold;
  }

  div.table_of_contents_item a:link,
  div.table_of_contents_item a:visited,
  div.table_of_contents_item a:active {
    color: #000000;
  }

  div.table_of_contents_item a:hover {
    background-color: #000000;

    color: #FFFFFF;
  }

  div.content_section_text a:link,
  div.content_section_text a:visited,
   div.content_section_text a:active {
    background-color: #DCDFE6;

    color: #000000;
  }

  div.content_section_text a:hover {
    background-color: #000000;

    color: #DCDFE6;
  }

  div.validator {
  }
    </style>
  </head>
  <body>
    <div class="main_page">
      <div class="page_header floating_element">
        <img src="icons/ubuntu-logo.png" alt="Ubuntu Logo"
             style="width:184px;height:146px;" class="floating_element" />
        <div>
          <span style="margin-top: 1.5em;" class="floating_element">
            Apache2 Default Page
          </span>
        </div>
        <div class="banner">
          <div id="about"></div>
          It works!
        </div>

      </div>
      <div class="content_section floating_element">
        <div class="content_section_text">
          <p>
                This is the default welcome page used to test the correct
                operation of the Apache2 server after installation on Ubuntu systems.
                It is based on the equivalent page on Debian, from which the Ubuntu Apache
                packaging is derived.
                If you can read this page, it means that the Apache HTTP server installed at
                this site is working properly. You should <b>replace this file</b> (located at
                <tt>/var/www/html/index.html</tt>) before continuing to operate your HTTP server.
          </p>

          <p>
                If you are a normal user of this web site and don't know what this page is
                about, this probably means that the site is currently unavailable due to
                maintenance.
                If the problem persists, please contact the site's administrator.
          </p>

        </div>
        <div class="section_header">
          <div id="changes"></div>
                Configuration Overview
        </div>
        <div class="content_section_text">
          <p>
                Ubuntu's Apache2 default configuration is different from the
                upstream default configuration, and split into several files optimized for
                interaction with Ubuntu tools. The configuration system is
                <b>fully documented in
                /usr/share/doc/apache2/README.Debian.gz</b>. Refer to this for the full
                documentation. Documentation for the web server itself can be
                found by accessing the <a href="/manual">manual</a> if the <tt>apache2-doc</tt>
                package was installed on this server.
          </p>
          <p>
                The configuration layout for an Apache2 web server installation on Ubuntu systems is as follows:
          </p>
          <pre>
/etc/apache2/
|-- apache2.conf
|       `--  ports.conf
|-- mods-enabled
|       |-- *.load
|       `-- *.conf
|-- conf-enabled
|       `-- *.conf
|-- sites-enabled
|       `-- *.conf
          </pre>
          <ul>
                        <li>
                           <tt>apache2.conf</tt> is the main configuration
                           file. It puts the pieces together by including all remaining configuration
                           files when starting up the web server.
                        </li>

                        <li>
                           <tt>ports.conf</tt> is always included from the
                           main configuration file. It is used to determine the listening ports for
                           incoming connections, and this file can be customized anytime.
                        </li>

                        <li>
                           Configuration files in the <tt>mods-enabled/</tt>,
                           <tt>conf-enabled/</tt> and <tt>sites-enabled/</tt> directories contain
                           particular configuration snippets which manage modules, global configuration
                           fragments, or virtual host configurations, respectively.
                        </li>

                        <li>
                           They are activated by symlinking available
                           configuration files from their respective
                           *-available/ counterparts. These should be managed
                           by using our helpers
                           <tt>
                                a2enmod,
                                a2dismod,
                           </tt>
                           <tt>
                                a2ensite,
                                a2dissite,
                            </tt>
                                and
                           <tt>
                                a2enconf,
                                a2disconf
                           </tt>. See their respective man pages for detailed information.
                        </li>

                        <li>
                           The binary is called apache2 and is managed using systemd, so to
                           start/stop the service use <tt>systemctl start apache2</tt> and
                           <tt>systemctl stop apache2</tt>, and use <tt>systemctl status apache2</tt>
                           and <tt>journalctl -u apache2</tt> to check status.  <tt>system</tt>
                           and <tt>apache2ctl</tt> can also be used for service management if
                           desired.
                           <b>Calling <tt>/usr/bin/apache2</tt> directly will not work</b> with the
                           default configuration.
                        </li>
          </ul>
        </div>

        <div class="section_header">
            <div id="docroot"></div>
                Document Roots
        </div>

        <div class="content_section_text">
            <p>
                By default, Ubuntu does not allow access through the web browser to
                <em>any</em> file outside of those located in <tt>/var/www</tt>,
                <a href="http://httpd.apache.org/docs/2.4/mod/mod_userdir.html" rel="nofollow">public_html</a>
                directories (when enabled) and <tt>/usr/share</tt> (for web
                applications). If your site is using a web document root
                located elsewhere (such as in <tt>/srv</tt>) you may need to whitelist your
                document root directory in <tt>/etc/apache2/apache2.conf</tt>.
            </p>
            <p>
                The default Ubuntu document root is <tt>/var/www/html</tt>. You
                can make your own virtual hosts under /var/www.
            </p>
        </div>

        <div class="section_header">
          <div id="bugs"></div>
                Reporting Problems
        </div>
        <div class="content_section_text">
          <p>
                Please use the <tt>ubuntu-bug</tt> tool to report bugs in the
                Apache2 package with Ubuntu. However, check <a
                href="https://bugs.launchpad.net/ubuntu/+source/apache2"
                rel="nofollow">existing bug reports</a> before reporting a new bug.
          </p>
          <p>
                Please report bugs specific to modules (such as PHP and others)
                to their respective packages, not to the web server itself.
          </p>
        </div>

      </div>
    </div>
    <div class="validator">
    </div>
  </body>
</html>
* Connection #0 to host localhost left intact
user1942@Dishuu:/etc/apache2/ssl$
